
> pink-pistachio@1.0.0 build
> prisma generate && next build

Environment variables loaded from .env
Prisma schema loaded from prisma\schema.prisma

Γ£ö Generated Prisma Client (v5.22.0) to .\node_modules\@prisma\client in 421ms

Start by importing your Prisma Client (See: https://pris.ly/d/importing-client)

Tip: Want real-time updates to your database without manual polling? Discover how with Pulse: https://pris.ly/tip-0-pulse

Γû▓ Next.js 16.2.9 (Turbopack)
- Environments: .env

  Creating an optimized production build ...
node.exe : 
At line:1 char:1
+ & "C:\Program Files\nodejs/node.exe" "C:\Program Files\nodejs/node_mo ...
+ ~~~~~~~~~~~~~~~~~~~~~~~~~~~~~~~~~~~~~~~~~~~~~~~~~~~~~~~~~~~~~~~~~~~~~
    + CategoryInfo          : NotSpecified: (:String) [], RemoteException
    + FullyQualifiedErrorId : NativeCommandError
 
> Build error occurred
Error: Turbopack build failed with 1 errors:
./src/app/login/LoginForm.tsx:147:2
Expression expected
  [90m145 |[0m     </div>
  [90m146 |[0m   );
[31m[1m>[0m [90m147 |[0m }}
  [90m    |[0m  [31m[1m^[0m

Parsing ecmascript source code failed

Import trace:
  Server Component:
    ./src/app/login/LoginForm.tsx
    ./src/app/login/page.tsx


    at <unknown> (./src/app/login/LoginForm.tsx:147:2)
